// Jest Snapshot v1, https://goo.gl/fbAQLP

exports[`bench convert cache bench test 1`] = `
[
  {
    "Average Time (ns)": 550398666.9540405,
    "Margin": "±4.74%",
    "Samples": 10,
    "Task Name": "convert with no cache",
    "ops/sec": "1",
  },
  {
    "Average Time (ns)": 320.64032661948556,
    "Margin": "±1.70%",
    "Samples": 4678307,
    "Task Name": "convert with cache",
    "ops/sec": "3,118,759",
  },
  {
    "Average Time (ns)": 1252.8423010536183,
    "Margin": "±0.85%",
    "Samples": 1197278,
    "Task Name": "convert with cache & copy",
    "ops/sec": "798,185",
  },
]
`;

exports[`bench createTypeToValue cache bench test 1`] = `
[
  {
    "Average Time (ns)": 488675791.8357849,
    "Margin": "±28.58%",
    "Samples": 10,
    "Task Name": "createTypeToValue with no cache",
    "ops/sec": "2",
  },
  {
    "Average Time (ns)": 349.6375991824743,
    "Margin": "±3.94%",
    "Samples": 4290157,
    "Task Name": "createTypeToValue with cache",
    "ops/sec": "2,860,104",
  },
]
`;
