// Jest Snapshot v1, https://goo.gl/fbAQLP

exports[`bench convert cache bench test 1`] = `
[
  {
    "Average Time (ns)": 961704700.1957893,
    "Margin": "±3.87%",
    "Samples": 10,
    "Task Name": "convert with no cache",
    "ops/sec": "1",
  },
  {
    "Average Time (ns)": 419.19844706993086,
    "Margin": "±1.90%",
    "Samples": 1192753,
    "Task Name": "convert with cache",
    "ops/sec": "2,385,505",
  },
  {
    "Average Time (ns)": 1998.0653901491796,
    "Margin": "±0.59%",
    "Samples": 250243,
    "Task Name": "convert with cache & copy",
    "ops/sec": "500,484",
  },
]
`;

exports[`bench createTypeToValue cache bench test 1`] = `
[
  {
    "Average Time (ns)": 759875298.4046936,
    "Margin": "±8.95%",
    "Samples": 10,
    "Task Name": "createTypeToValue with no cache",
    "ops/sec": "1",
  },
  {
    "Average Time (ns)": 366.00140104860225,
    "Margin": "±0.22%",
    "Samples": 1366115,
    "Task Name": "createTypeToValue with cache",
    "ops/sec": "2,732,229",
  },
]
`;
