// Jest Snapshot v1, https://goo.gl/fbAQLP

exports[`bench convert cache bench test 1`] = `
[
  {
    "Average Time (ns)": 987094781.8934917,
    "Margin": "±4.60%",
    "Samples": 10,
    "Task Name": "convert with no cache",
    "ops/sec": "1",
  },
  {
    "Average Time (ns)": 403.9089469976046,
    "Margin": "±0.68%",
    "Samples": 3713709,
    "Task Name": "convert with cache",
    "ops/sec": "2,475,805",
  },
  {
    "Average Time (ns)": 1982.3976543052838,
    "Margin": "±0.17%",
    "Samples": 756660,
    "Task Name": "convert with cache & copy",
    "ops/sec": "504,439",
  },
]
`;

exports[`bench createTypeToValue cache bench test 1`] = `
[
  {
    "Average Time (ns)": 694115616.607666,
    "Margin": "±5.26%",
    "Samples": 10,
    "Task Name": "createTypeToValue with no cache",
    "ops/sec": "1",
  },
  {
    "Average Time (ns)": 402.91517262316285,
    "Margin": "±0.25%",
    "Samples": 3722869,
    "Task Name": "createTypeToValue with cache",
    "ops/sec": "2,481,911",
  },
]
`;
